Script started on 2022-02-11 23:28:09-05:00 [TERM="xterm-256color" TTY="/dev/pts/0" COLUMNS="80" LINES="24"]
]0;ldc6@gold31: ~[01;32mldc6@gold31[00m:[01;34m~[00m$ clojure
[KClojure 1.10.1
[Kuser=> [Kuser=> [Kuser=>  (reduce + [1 2 3][1 2 3])user=>  (reduce + [1 2 3])user=> [K (reduce + [1 2 3])
6
user=> [Kuser=> [Kuser=> (reduce + '(1 2 3)(1 2 3))user=> [K(reduce + '(1 2 3))
6
user=> [Kuser=> [Kuser=> (reduce max [1 2 3][1 2 3])user=> (reduce max [1 2 3])user=> [K(reduce max [1 2 3])
3
user=> [Kuser=> [Kuser=> (reduce conj [1 2 3][1 2 3] [4 5 6][4 5 6])user=> (reduce conj [1 2 3] [4 5 6])user=> [K(reduce conj [1 2 3] [4 5 6])
[1 2 3 4 5 6]
user=> [Kuser=> [Kuser=> (reduce + [1 2 3 4 5][1 2 3 4 5])user=> (reduce + [1 2 3 4 5])user=> [K(reduce + [1 2 3 4 5])
15
user=> [Kuser=> [Kuser=>  (reduce + 1 [2 3 4 5][2 3 4 5])user=>  (reduce + 1 [2 3 4 5])user=> [K (reduce + 1 [2 3 4 5])
15
user=> [Kuser=> [Kuser=>  (reduce + 1 [2 3 4 5][2 3 4 5])user=>  (reduce + 1 [2 3 4 5])            2 [2 3 4 5][2 3 4 5])user=>  (reduce + 2 [2 3 4 5])user=> [K (reduce + 2 [2 3 4 5])
16
user=> [Kuser=> [Kuser=> (reduce + 1 '(2 3 4 5)(2 3 4 5))user=> [K(reduce + 1 '(2 3 4 5))
15
user=> [Kuser=> [Kuser=>  (reduce max 5 [4 3 2 1][4 3 2 1])user=>  (reduce max 5 [4 3 2 1])user=> [K (reduce max 5 [4 3 2 1])
5
user=> [Kuser=> [Kuser=>  (reduce max 5 [4 3 2 1][4 3 2 1])user=>  (reduce max 5 [4 3 2 1])   2][4 3 2 2])user=>  (reduce max 5 [4 3 2 2])user=> [K (reduce max 5 [4 3 2 2])
5
user=> [Kuser=> [Kuser=> (reduce bit-or [1 2 3 4][1 2 3 4])user=> (reduce bit-or [1 2 3 4])user=> [K(reduce bit-or [1 2 3 4])
7
user=> [Kuser=> [Kuser=> (reduce str ["a" "b" "c"]["a" "b" "c"])user=> (reduce str ["a" "b" "c"])user=> [K(reduce str ["a" "b" "c"])
"abc"
user=> [Kuser=> [Kuser=> (reduce + 1 2 [3 4 5][3 4 5])user=> (reduce + 1 2 [3 4 5])user=> [K(reduce + 1 2 [3 4 5])
Execution error (ArityException) at user/eval25 (REPL:1).
Wrong number of args (4) passed to: clojure.core/reduce
user=> [Kuser=> [Kuser=> (reduce + 1 '(2 3 4)(2 3 4) 5)user=> [K(reduce + 1 '(2 3 4) 5)
Execution error (ArityException) at user/eval27 (REPL:1).
Wrong number of args (4) passed to: clojure.core/reduce
user=> [Kuser=> [Kuser=> (defn csv [seq][seq]  user=> [K[K      (reduce (fn [a b][a b][K(defn csv [seq]  
[K      (reduce (fn [a b] (str a "," b)(str a "," b))      (reduce (fn [a b] (str a "," b)) seq)      (reduce (fn [a b] (str a "," b)) seq)[K[K   )[K      (reduce (fn [a b] (str a "," b)) seq)
[K   )[K   )
[K#'user/csv
user=> [Kuser=> [Kuser=> (csv [11 22 33][11 22 33])user=> (csv [11 22 33])user=> [K(csv [11 22 33])
"11,22,33"
user=> [Kuser=> [Kuser=>   (defn totalItems [seqOfSeqs][seqOfSeqs]user=> [K[K   (reduce + (map count seqOfSeqs)   (reduce + (map count seqOfSeqs)[K  (defn totalItems [seqOfSeqs]
[K   (reduce + (map count seqOfSeqs))   (reduce + (map count seqOfSeqs))[K[K  )[K   (reduce + (map count seqOfSeqs))
[K  )[K[K  )
[K  (totalItems [["Ann"]["Ann"][K
[K  (totalItems [["Ann"] ["Bob" "Chris"]["Bob" "Chris"] ["Dan" "Eve" "Fred"]["Dan" "Eve" "Fred"]]  (totalItems [["Ann"] ["Bob" "Chris"] ["Dan" "Eve" "Fred"]])  (totalItems [["Ann"] ["Bob" "Chris"] ["Dan" "Eve" "Fred"]])[K#'user/totalItems
user=> user=> [Kuser=> user=>   (totalItems [["Ann"] ["Bob" "Chris"] ["Dan" "Eve" "Fred"]])user=> user=> [K  (totalItems [["Ann"] ["Bob" "Chris"] ["Dan" "Eve" "Fred"]])
6
user=> [Kuser=> [Kuser=> 
[K]0;ldc6@gold31: ~[01;32mldc6@gold31[00m:[01;34m~[00m$ exit

Script done on 2022-02-11 23:55:43-05:00 [COMMAND_EXIT_CODE="0"]
