Script started on 2022-02-12 00:36:25-05:00 [TERM="xterm-256color" TTY="/dev/pts/1" COLUMNS="80" LINES="24"]
]0;ldc6@gold31: ~[01;32mldc6@gold31[00m:[01;34m~[00m$ clojure
[KClojure 1.10.1
[Kuser=> [Kuser=> [Kuser=> (defn incMaker [incValue][incValue]user=> [K[K   (fn [x][x][K(defn incMaker [incValue]
[K   (fn [x][K[K     (+ x incValue)     (+ x incValue)[K   (fn [x]
[K     (+ x incValue)[K[K   )[K     (+ x incValue)
[K   )[K[K)[K   )
[K)[K)
[K#'user/incMaker
user=> [Kuser=> [Kuser=> inc5[Kinc5
Syntax error compiling at (REPL:0:0).
Unable to resolve symbol: inc5 in this context
user=> [Kuser=> [Kuser=> inc5[1@ [1@( inc5 5)user=> ( inc5 5)user=> [K( inc5 5)
Syntax error compiling at (REPL:1:1).
Unable to resolve symbol: inc5 in this context
user=> [Kuser=> [Kuser=> (defn incMaker [incValue][incValue]user=> [K[K   (fn [x][x][K(defn incMaker [incValue]
[K   (fn [x][K[K     (+ x incValue)     (+ x incValue)[K   (fn [x]
[K     (+ x incValue)[K[K   )[K     (+ x incValue)
[K   )[K[K)[K   )
[K)[K)
#'user/incMaker
user=> [Kuser=> [Kuser=> ( inc5  )( inc5)( [K( inc5)
Syntax error compiling at (REPL:1:1).
Unable to resolve symbol: inc5 in this context
user=> [Kuser=> [Kuser=> (defn incMaker [incValue][incValue]user=> [K[K   (fn [x][x][K(defn incMaker [incValue]
[K   (fn [x][K[K     (+ x incValue)     (+ x incValue)[K   (fn [x]
[K     (+ x incValue)[K[K   )[K     (+ x incValue)
[K   )[K[K)[K   )
[K)[K)
#'user/incMaker
user=> [Kuser=> [Kuser=> (inc5 5)(inc5 5)[K(inc5 5)
Syntax error compiling at (REPL:1:1).
Unable to resolve symbol: inc5 in this context
user=> [Kuser=> [Kuser=> 
[K]0;ldc6@gold31: ~[01;32mldc6@gold31[00m:[01;34m~[00m$ script 5.script
Script started, file is 5.script
]0;ldc6@gold31: ~[01;32mldc6@gold31[00m:[01;34m~[00m$ clojure
[KClojure 1.10.1
[Kuser=> [Kuser=> [Kuser=> (defn incMaker [incValue][incValue]user=> [K[K   #(+ % incValue)   #(+ % incValue)[K(defn incMaker [incValue]
[K   #(+ % incValue)[K[K)[K   #(+ % incValue)
[K)[K)
[K#'user/incMaker
user=> [Kuser=> [Kuser=> (inc5 5)(inc5 5)[K(inc5 5)
Syntax error compiling at (REPL:1:1).
Unable to resolve symbol: inc5 in this context
user=> [Kuser=> [Kuser=> 
[K]0;ldc6@gold31: ~[01;32mldc6@gold31[00m:[01;34m~[00m$ script.  5.script
Script started, file is 5.script
]0;ldc6@gold31: ~[01;32mldc6@gold31[00m:[01;34m~[00m$ clojure
[KClojure 1.10.1
[Kuser=> [Kuser=> [Kuser=> (defn incMaker [incValue][incValue]user=> [K[K   (fn [x][x][K(defn incMaker [incValue]
[K   (fn [x][K[K     (+ x incValue)     (+ x incValue)[K   (fn [x]
[K     (+ x incValue)[K[K   )[K     (+ x incValue)
[K   )[K[K)[K   )
[K)[K)
[K#'user/incMaker
user=> [Kuser=> [Kuser=> (def inc5 (incMaker 5)(incMaker 5))user=> (def inc5 (incMaker 5))user=> [K(def inc5 (incMaker 5))
#'user/inc5
user=> [Kuser=> [Kuser=> inc5 [1@ [1@( inc5  5 ) user=> ( inc5 5)user=> [K( inc5 5) 
10
user=> [Kuser=> [Kuser=> (defn greetingBuilder [greeting][greeting]user=> [K[K   (fn [visitor]   (fn [visitor][K(defn greetingBuilder [greeting]
[K   (fn [visitor][K[K      (str greeting ", " visitor "!")      (str greeting ", " visitor "!")[K   (fn [visitor]
[K      (str greeting ", " visitor "!")[K[K   )[K      (str greeting ", " visitor "!")
[K   )[K[K)[K   )
[K)[K)
#'user/greetingBuilder
user=> [Kuser=> [Kuser=> (def csGreeting (greetingBuilder "Welcome to CS 214")user=> (def csGreeting (greetingBuilder "Welcome to CS 214"))user=> (def csGreeting (greetingBuilder "Welcome to CS 214"))user=> [K(def csGreeting (greetingBuilder "Welcome to CS 214"))
#'user/csGreeting
user=> [Kuser=> [Kuser=> (def englishGreeting (greetingBuilder "Hello")(greetingBuilder "Hello"))user=> (def englishGreeting (greetingBuilder "Hello"))user=> [K(def englishGreeting (greetingBuilder "Hello"))
#'user/englishGreeting
user=> [Kuser=> [Kuser=> (def frenchGreeting (greetingBuilder "Bonjour")(greetingBuilder "Bonjour"))user=> (def frenchGreeting (greetingBuilder "Bonjour"))user=> [K(def frenchGreeting (greetingBuilder "Bonjour"))
#'user/frenchGreeting
user=> [Kuser=> [Kuser=> (csGreeting "Ann")user=> (csGreeting "Ann")user=> [K(csGreeting "Ann")
"Welcome to CS 214, Ann!"
user=> [Kuser=> [Kuser=> (englishGreeting "Chris")user=> (englishGreeting "Chris")user=> [K(englishGreeting "Chris")
"Hello, Chris!"
user=> [Kuser=> [Kuser=> (frenchGreeting "Chris")user=> (frenchGreeting "Chris")user=> [K(frenchGreeting "Chris")
"Bonjour, Chris!"
user=> [Kuser=> [Kuser=> 
[K]0;ldc6@gold31: ~[01;32mldc6@gold31[00m:[01;34m~[00m$ exit
Script done, file is 5.script
]0;ldc6@gold31: ~[01;32mldc6@gold31[00m:[01;34m~[00m$ cat 5.script
Script started on 2022-02-12 00:45:14-05:00 [TERM="xterm-256color" TTY="/dev/pts/7" COLUMNS="80" LINES="24"]
]0;ldc6@gold31: ~[01;32mldc6@gold31[00m:[01;34m~[00m$ clojure
[KClojure 1.10.1
[Kuser=> [Kuser=> [Kuser=> (defn incMaker [incValue][incValue]user=> [K[K   (fn [x][x][K(defn incMaker [incValue]
[K   (fn [x][K[K     (+ x incValue)     (+ x incValue)[K   (fn [x]
[K     (+ x incValue)[K[K   )[K     (+ x incValue)
[K   )[K[K)[K   )
[K)[K)
[K#'user/incMaker
user=> [Kuser=> [Kuser=> (def inc5 (incMaker 5)(incMaker 5))user=> (def inc5 (incMaker 5))user=> [K(def inc5 (incMaker 5))
#'user/inc5
user=> [Kuser=> [Kuser=> inc5 [1@ [1@( inc5  5 ) user=> ( inc5 5)user=> [K( inc5 5) 
10
user=> [Kuser=> [Kuser=> (defn greetingBuilder [greeting][greeting]user=> [K[K   (fn [visitor]   (fn [visitor][K(defn greetingBuilder [greeting]
[K   (fn [visitor][K[K      (str greeting ", " visitor "!")      (str greeting ", " visitor "!")[K   (fn [visitor]
[K      (str greeting ", " visitor "!")[K[K   )[K      (str greeting ", " visitor "!")
[K   )[K[K)[K   )
[K)[K)
#'user/greetingBuilder
user=> [Kuser=> [Kuser=> (def csGreeting (greetingBuilder "Welcome to CS 214")user=> (def csGreeting (greetingBuilder "Welcome to CS 214"))user=> (def csGreeting (greetingBuilder "Welcome to CS 214"))user=> [K(def csGreeting (greetingBuilder "Welcome to CS 214"))
#'user/csGreeting
user=> [Kuser=> [Kuser=> (def englishGreeting (greetingBuilder "Hello")(greetingBuilder "Hello"))user=> (def englishGreeting (greetingBuilder "Hello"))user=> [K(def englishGreeting (greetingBuilder "Hello"))
#'user/englishGreeting
user=> [Kuser=> [Kuser=> (def frenchGreeting (greetingBuilder "Bonjour")(greetingBuilder "Bonjour"))user=> (def frenchGreeting (greetingBuilder "Bonjour"))user=> [K(def frenchGreeting (greetingBuilder "Bonjour"))
#'user/frenchGreeting
user=> [Kuser=> [Kuser=> (csGreeting "Ann")user=> (csGreeting "Ann")user=> [K(csGreeting "Ann")
"Welcome to CS 214, Ann!"
user=> [Kuser=> [Kuser=> (englishGreeting "Chris")user=> (englishGreeting "Chris")user=> [K(englishGreeting "Chris")
"Hello, Chris!"
user=> [Kuser=> [Kuser=> (frenchGreeting "Chris")user=> (frenchGreeting "Chris")user=> [K(frenchGreeting "Chris")
"Bonjour, Chris!"
user=> [Kuser=> [Kuser=> 
[K]0;ldc6@gold31: ~[01;32mldc6ngBuilder "Welcome to CS 214"))user=> [K(def csGreeting (greetingBuilder "Welcome to CS 214"))
#'user/csGreeting
user=> [Kuser=> [Kuser=> (def englishGreeting (greetingBuilder "Hello")(greetingBuilder "Hello"))user=> (def englishGreeting (greetingBuilder "Hello"))user=> [K(def englishGreeting (greetingBuilder "Hello"))
#'user/englishGreeting
user=> [Kuser=> [Kuser=> (def frenchGreeting (greetingBuilder "Bonjour")(greetingBuilder "Bonjour"))user=> (def frenchGreeting (greetingBuilder "Bonjour"))user=> [K(def frenchGreeting (greetingBuilder "Bonjour"))
#'user/frenchGreeting
user=> [Kuser=> [Kuser=> (csGreeting "Ann")user=> (csGreeting "Ann")user=> [K(csGreeting "Ann")
"Welcome to CS 214, Ann!"
user=> [Kuser=> [Kuser=> (englishGreeting "Chris")user=> (englishGreeting "Chris")user=> [K(englishGreeting "Chris")
"Hello, Chris!"
user=> [Kuser=> [Kuser=> (frenchGreeting "Chris")user=> (frenchGreeting "Chris")user=> [K(frenchGreeting "Chris")
"Bonjour, Chris!"
user=> [Kuser=> [Kuser=> 
[K]0;ldc6@gold31: ~[01;32mldc6@gold31[00m:[01;34m~[00m$ exit
Script done, file is 5.script
]0;ldc6@gold31: ~[01;32mldc6@gold31[00m:[01;34m~[00m$ cat 5.script
Script started on 2022-02-12 00:45:14-05:00 [TERM="xterm-256color" TTY="/dev/pts/7" COLUMNS="80" LINES="24"]
]0;ldc6@gold31: ~[01;32mldc6@gold31[00m:[01;34m~[00m$ clojure
[KClojure 1.10.1
[Kuser=> [Kuser=> [Kuser=> (defn incMaker [incValue][incValue]user=> [K[K   (fn [x][x][K(defn incMaker [incValue]
[K   (fn [x][K[K     (+ x incValue)     (+ x incValue)[K   (fn [x]
[K     (+ x incValue)[K[K   )[K     (+ x incValue)
[K   )[K[K)[K   )
[K)[K)
[K#'user/incMaker
user=> [Kuser=> [Kuser=> (def inc5 (incMaker 5)(incMaker 5))user=> (def inc5 (incMaker 5))user=> [K(def inc5 (incMaker 5))
#'user/inc5
user=> [Kuser=> [Kuser=> inc5 [1@ [1@( inc5  5 ) user=> ( inc5 5)user=> [K( inc5 5) 
10
user=> [Kuser=> [Kuser=> (defn greetingBuilder [greeting][greeting]user=> [K[K   (fn [visitor]   (fn [visitor][K(defn greetingBuilder [greeting]
[K   (fn [visitor][K[K      (str greeting ", " visitor "!")      (str greeting ", " visitor "!")[K   (fn [visitor]
[K      (str greeting ", " visitor "!")[K[K   )[K      (str greeting ", " visitor "!")
[K   )[K[K)[K   )
[K)[K)
#'user/greetingBuilder
user=> [Kuser=> [Kuser=> (def csGreeting (greetingBuilder "Welcome to CS 214")user=> (def csGreeting (greetingBuilder "Welcome to CS 214"))user=> (def csGreeting (greetingBuilder "Welcome to CS 214"))user=> [K(def csGreeting (greetingBuilder "Welcome to CS 214"))
#'user/csGreeting
user=> [Kuser=> [Kuser=> (def englishGreeting (greetingBuilder "Hello")(greetingBuilder "Hello"))user=> (def englishGreeting (greetingBuilder "Hello"))user=> [K(def englishGreeting (greetingBuilder "Hello"))
#'user/englishGreeting
user=> [Kuser=> [Kuser=> (def frenchGreeting (greetingBuilder "Bonjour")(greetingBuilder "Bonjour"))user=> (def frenchGreeting (greetingBuilder "Bonjour"))user=> [K(def frenchGreeting (greetingBuilder "Bonjour"))
#'user/frenchGreeting
user=> [Kuser=> [Kuser=> (csGreeting "Ann")user=> (csGreeting "Ann")user=> [K(csGreeting "Ann")
"Welcome to CS 214, Ann!"
user=> [Kuser=> [Kuser=> (englishGreeting "Chris")user=> (englishGreeting "Chris")user=> [K(englishGreeting "Chris")
"Hello, Chris!"
user=> [Kuser=> [Kuser=> (frenchGreeting "Chris")user=> (frenchGreeting "Chris")user=> [K(frenchGreeting "Chris")
"Bonjour, Chris!"
user=> [Kuser=> [Kuser=> 
[K]0;ldc6@gold31: ~[01;32mldc6@gold31[00m:[01;34m~[00m$ exit

Script done on 2022-02-12 00:48:07-05:00 [COMMAND_EXIT_CODE="0"]
tingBuilder "Hello"))
#'user/englishGreeting
user=> [Kuser=> [Kuser=> (englishGreeting "Chris")user=> (englishGreeting "Chris")user=> [K(englishGreeting "Chris")
"Hello, Chris!"
user=> [Kuser=> [Kuser=> (def csGreeting (greetingBuilder "Welcome to CS 214")user=> (def csGreeting (greetingBuilder "Welcome to CS 214"))user=> (def csGreeting (greetingBuilder "Welcome to CS 214"))user=> [K(def csGreeting (greetingBuilder "Welcome to CS 214"))
#'user/csGreeting
user=> [Kuser=> [Kuser=> (csGreeting "Ann")user=> (csGreeting "Ann")user=> [K(csGreeting "Ann")
"Welcome to CS 214, Ann!"
user=> [Kuser=> [Kuser=> (defn incMaker [incValue][incValue]user=> [K[K   (fn [x][x][K(defn incMaker [incValue]
[K   (fn [x][K[K     (+ x incValue)     (+ x incValue)[K   (fn [x]
[K     (+ x incValue)[K[K   )[K     (+ x incValue)
[K   )[K[K)[K   )
[K)[K)
#'user/incMaker
user=> [Kuser=> [Kuser=> inc5 [Kinc5 
#object[user$incMaker$fn__136 0x3f36b447 "user$incMaker$fn__136@3f36b447"]
user=> [Kuser=> [Kuser=> inc5 5)[1@ [1@([K( inc5 5)
10
user=> [Kuser=> [Kuser=> 
[K]0;ldc6@gold31: ~[01;32mldc6@gold31[00m:[01;34m~[00m$ script 5.script
Script started, file is 5.script
]0;ldc6@gold31: ~[01;32mldc6@gold31[00m:[01;34m~[00m$ clojure
[KClojure 1.10.1
[Kuser=> [Kuser=> [Kuser=> (defn incMaker [incValue][incValue]user=> [K[K   (fn [x][x][K(defn incMaker [incValue]
[K   (fn [x][K[K     (+ x incValue)     (+ x incValue)[K   (fn [x]
[K     (+ x incValue)[K[K   )[K     (+ x incValue)
[K   )[K[K)[K   )
[K)[K)
[K#'user/incMaker
user=> [Kuser=> [Kuser=> inc5[Kinc5
Syntax error compiling at (REPL:0:0).
Unable to resolve symbol: inc5 in this context
user=> [Kuser=> [Kuser=> inc5[1@ [1@( inc5 5)user=> ( inc5 5)user=> [K( inc5 5)
Syntax error compiling at (REPL:1:1).
Unable to resolve symbol: inc5 in this context
user=> [Kuser=> [Kuser=> (defn incMaker [incValue][incValue]user=> [K[K   (fn [x][x][K(defn incMaker [incValue]
[K   (fn [x][K[K     (+ x incValue)     (+ x incValue)[K   (fn [x]
[K     (+ x incValue)[K[K   )[K     (+ x incValue)
[K   )[K[K)[K   )
[K)[K)
#'user/incMaker
user=> [Kuser=> [Kuser=> ( inc5  )( inc5)( [K( inc5)
Syntax error compiling at (REPL:1:1).
Unable to resolve symbol: inc5 in this context
user=> [Kuser=> [Kuser=> (defn incMaker [incValue][incValue]user=> [K[K   (fn [x][x][K(defn incMaker [incValue]
[K   (fn [x][K[K     (+ x incValue)     (+ x incValue)[K   (fn [x]
[K     (+ x incValue)[K[K   )[K     (+ x incValue)
[K   )[K[K)[K   )
[K)[K)
#'user/incMaker
user=> [Kuser=> [Kuser=> (inc5 5)(inc5 5)[K(inc5 5)
Syntax error compiling at (REPL:1:1).
Unable to resolve symbol: inc5 in this context
user=> [Kuser=> [Kuser=> 
[K]0;ldc6@gold31: ~[01;32mldc6@gold31[00m:[01;34m~[00m$ script 5.script
Script started, file is 5.script
]0;ldc6@gold31: ~[01;32mldc6@gold31[00m:[01;34m~[00m$ clojure
[KClojure 1.10.1
[Kuser=> [Kuser=> [Kuser=> (defn incMaker [incValue][incValue]user=> [K[K   #(+ % incValue)   #(+ % incValue)[K(defn incMaker [incValue]
[K   #(+ % incValue)[K[K)[K   #(+ % incValue)
[K)[K)
[K#'user/incMaker
user=> [Kuser=> [Kuser=> (inc5 5)(inc5 5)[K(inc5 5)
Syntax error compiling at (REPL:1:1).
Unable to resolve symbol: inc5 in this context
user=> [Kuser=> [Kuser=> 
[K]0;ldc6@gold31: ~[01;32mldc6@gold31[00m:[01;34m~[00m$ script.  5.script
Script star